<html>
<body>
<pre>
<h1>礦ision Build Log</h1>
<h2>Tool Versions:</h2>
IDE-Version: μVision V5.24.2.0
Copyright (C) 2017 ARM Ltd and ARM Germany GmbH. All rights reserved.
License Information: A DHH, A, LIC=NQQMA-1EQKF-X7WRZ-J1T2T-IBFKI-MTE5D
 
Tool Versions:
Toolchain:       MDK-ARM Plus  Version: 5.24.1
Toolchain Path:  D:\keil5\ARM\ARMCC\Bin
C Compiler:      Armcc.exe V5.06 update 5 (build 528)
Assembler:       Armasm.exe V5.06 update 5 (build 528)
Linker/Locator:  ArmLink.exe V5.06 update 5 (build 528)
Library Manager: ArmAr.exe V5.06 update 5 (build 528)
Hex Converter:   FromElf.exe V5.06 update 5 (build 528)
CPU DLL:         SARMCM3.DLL V5.24.1
Dialog DLL:      DCM.DLL V1.16.0.0
Target DLL:      STLink\ST-LINKIII-KEIL_SWO.dll V3.0.1.0
Dialog DLL:      TCM.DLL V1.32.0.0
 
<h2>Project:</h2>
D:\STM32-Study\平衡车入门教程资料\程序源码\我的-平衡车代码\06-平衡车程序优化\project.uvprojx
Project File Date:  04/16/2026

<h2>Output:</h2>
*** Using Compiler 'V5.06 update 5 (build 528)', folder: 'D:\keil5\ARM\ARMCC\Bin'
Build target 'Target 1'
compiling main.c...
.\System\Timer.h(6): warning:  #1-D: last line of file ends without a newline
  #endif
.\Headwere\MPU6050.h(11): warning:  #1-D: last line of file ends without a newline
  #endif
.\Headwere\Mada.h(6): warning:  #1-D: last line of file ends without a newline
  #endif
.\Headwere\Encoder.h(6): warning:  #1-D: last line of file ends without a newline
  #endif
.\Headwere\Chuan.h(14): warning:  #1-D: last line of file ends without a newline
  #endif
.\Headwere\LanYaChuan.h(19): warning:  #1-D: last line of file ends without a newline
  #endif
User\PID.h(30): warning:  #1-D: last line of file ends without a newline
  #endif
User\main.c: 7 warnings, 0 errors
linking...
Program Size: Code=18024 RO-data=3312 RW-data=300 ZI-data=2148  
".\Objects\project.axf" - 0 Error(s), 7 Warning(s).

<h2>Software Packages used:</h2>

Package Vendor: Keil
                http://www.keil.com/pack/Keil.STM32F1xx_DFP.2.2.0.pack
                Keil.STM32F1xx_DFP.2.2.0
                STMicroelectronics STM32F1 Series Device Support, Drivers and Examples

<h2>Collection of Component include folders:</h2>
  .\RTE\_Target_1
  D:\keil5\ARM\PACK\Keil\STM32F1xx_DFP\2.2.0\Device\Include

<h2>Collection of Component Files used:</h2>
Build Time Elapsed:  00:00:01
</pre>
</body>
</html>
